[game_template] start planet=Cyber, surface=True
[game_template] matriz do andar 0 apos gerar H (5 itens):
PPPPPPPPPPPPPPPPPPPPPPPPPPPP
P............PP............P
P.PPPP.PPPPP.PP.PPPPP.PPPP.P
P.PPPP.PPPPP.PP.PPPPP.PPPP.P
P..........................P
P.PPPP.PP.PPPPPPPP.PP.PPPP.P
P......PP....PP....PP......P
PPPPPP.PPPPP.PP.PPPPP.PPPPPP
P....P.PP..........PP.P....P
PPPPPP.PP.PPP..PPP.PP.PPPPPP
P.........P....P.........H.P
PPPPPP.PP.PPPPPPPP.PP.PPPPPP
P....P.PP..........PP.P....P
PPPPPP.PP.PPPPPPPP.PP.PPPPPP
P..H.........PP............P
P.PPPP.PPPPP.PP.PPPPP.PPPP.P
P...PP................PP...P
PPP.PP.PP.PPPPPPPP.PP.PPHPPP
P......PP....PP....PP......P
P.PPPPPPPPPP.PP.PPPPPPPPPP.P
P..H.......................P
P.PPPP.PPPPP.PP.PPPPP.PPPP.P
P...PP.................PP..P
PPP.PP.PP.PPPPPPPP.PP.PP.PPP
P......PP...HPP....PP......P
P.PPPPPPPPPP.PP.PPPPPPPPPP.P
P..........................P
P.PPPP.PPPPP.PP.PPPPP.PPPP.P
P............PP...........QP
PPPPPPPPPPPPPPPPPPPPPPPPPPPP
[game_template] start planet=Cyber, surface=True
[game_template] matriz do andar 0 apos gerar H (5 itens):
PPPPPPPPPPPPPPPPPPPPPPPPPPPP
P............PP............P
P.PPPP.PPPPP.PP.PPPPP.PPPP.P
P.PPPP.PPPPP.PP.PPPPP.PPPP.P
P.....H....................P
P.PPPP.PP.PPPPPPPP.PP.PPPP.P
P......PP....PP....PP....H.P
PPPPPP.PPPPP.PP.PPPPP.PPPPPP
P....P.PP..........PP.P....P
PPPPPP.PP.PPP.HPPP.PP.PPPPPP
P.........P....P...........P
PPPPPP.PP.PPPPPPPP.PP.PPPPPP
P....P.PP..........PP.P..H.P
PPPPPP.PP.PPPPPPPP.PP.PPPPPP
P............PP............P
P.PPPP.PPPPP.PP.PPPPP.PPPP.P
P...PP................PP...P
PPP.PP.PP.PPPPPPPP.PP.PP.PPP
P......PP....PP.H..PP......P
P.PPPPPPPPPP.PP.PPPPPPPPPP.P
P..........................P
P.PPPP.PPPPP.PP.PPPPP.PPPP.P
P...PP.................PP..P
PPP.PP.PP.PPPPPPPP.PP.PP.PPP
P......PP....PP....PP......P
P.PPPPPPPPPP.PP.PPPPPPPPPP.P
P..........................P
P.PPPP.PPPPP.PP.PPPPP.PPPP.P
P............PP...........QP
PPPPPPPPPPPPPPPPPPPPPPPPPPPP
[game_template] start planet=Cyber, surface=True
[game_template] matriz do andar 0 apos gerar H (5 itens):
PPPPPPPPPPPPPPPPPPPPPPPPPPPP
P............PP............P
P.PPPP.PPPPP.PP.PPPPP.PPPP.P
P.PPPP.PPPPP.PP.PPPPP.PPPP.P
P..........................P
P.PPPP.PP.PPPPPPPP.PP.PPPP.P
P......PP....PP....PP......P
PPPPPP.PPPPP.PP.PPPPP.PPPPPP
P....P.PP.........HPP.P....P
PPPPPP.PP.PPP..PPP.PP.PPPPPP
P.........P....P...........P
PPPPPP.PP.PPPPPPPP.PP.PPPPPP
P....P.PP..........PP.P....P
PPPPPP.PP.PPPPPPPP.PP.PPPPPP
P...H........PP............P
P.PPPP.PPPPP.PP.PPPPP.PPPP.P
P...PP................PP...P
PPP.PP.PP.PPPPPPPP.PP.PP.PPP
P......PP....PP....PP......P
P.PPPPPPPPPP.PP.PPPPPPPPPP.P
P....H.....................P
P.PPPP.PPPPP.PP.PPPPP.PPPP.P
P...PP..........H......PP..P
PPP.PP.PP.PPPPPPPP.PP.PP.PPP
P......PP....PP....PP......P
P.PPPPPPPPPP.PP.PPPPPPPPPP.P
P..........................P
P.PPPP.PPPPP.PP.PPPPP.PPPP.P
P.H..........PP...........QP
PPPPPPPPPPPPPPPPPPPPPPPPPPPP
